BL51 BANKED LINKER/LOCATER V6.22                                                        02/21/2020  15:13:18  PAGE 1


BL51 BANKED LINKER/LOCATER V6.22, INVOKED BY:
C:\KEIL\C51\BIN\BL51.EXE aiyalihai.obj, test.obj TO test2 RAMSIZE (256)


MEMORY MODEL: SMALL


INPUT MODULES INCLUDED:
  aiyalihai.obj (AIYALIHAI)
  test.obj (TEST)
  C:\KEIL\C51\LIB\C51S.LIB (?C_STARTUP)
  C:\KEIL\C51\LIB\C51S.LIB (?C_INIT)


LINK MAP OF MODULE:  test2 (AIYALIHAI)


            TYPE    BASE      LENGTH    RELOCATION   SEGMENT NAME
            -----------------------------------------------------

            * * * * * * *   D A T A   M E M O R Y   * * * * * * *
            REG     0000H     0008H     ABSOLUTE     "REG BANK 0"
            DATA    0008H     0005H     UNIT         ?DT?TEST
            DATA    000DH     0001H     UNIT         ?DT?MAIN?TEST
            IDATA   000EH     0001H     UNIT         ?STACK

            * * * * * * *   C O D E   M E M O R Y   * * * * * * *
            CODE    0000H     0003H     ABSOLUTE     
            CODE    0003H     008CH     UNIT         ?C_C51STARTUP
            CODE    008FH     0032H     UNIT         ?PR?MAIN?AIYALIHAI
            CODE    00C1H     0026H     UNIT         ?PR?MAIN?TEST
            CODE    00E7H     001DH     UNIT         ?PR?DELAY_S?AIYALIHAI
            CODE    0104H     000AH     UNIT         ?PR?_DELAY?TEST
            CODE    010EH     0008H     UNIT         ?PR?CLEAN?TEST
            CODE    0116H     0008H     UNIT         ?C_INITSEG
            CODE    011EH     0005H     UNIT         ?CO?TEST



OVERLAY MAP OF MODULE:   test2 (AIYALIHAI)


SEGMENT
  +--> CALLED SEGMENT
---------------------
?C_C51STARTUP
  +--> ?PR?MAIN?AIYALIHAI
  +--> ?C_INITSEG

?PR?MAIN?AIYALIHAI
  +--> ?PR?DELAY_S?AIYALIHAI



IGNORED SYMBOLS:
   MAIN


BL51 BANKED LINKER/LOCATER V6.22                                                      02/21/2020  15:13:18  PAGE 2



SYMBOL TABLE OF MODULE:  test2 (AIYALIHAI)

  VALUE           TYPE          NAME
  ----------------------------------

  -------         MODULE        AIYALIHAI
  C:0000H         SYMBOL        _ICE_DUMMY_
  D:0090H         PUBLIC        P1
  C:008FH         PUBLIC        main
  C:00E7H         PUBLIC        delay_s
  -------         PROC          DELAY_S
  -------         DO            
  D:0006H         SYMBOL        x
  D:0004H         SYMBOL        y
  -------         ENDDO         
  C:00E7H         LINE#         3
  C:00E7H         LINE#         4
  C:00E7H         LINE#         6
  C:00EAH         LINE#         7
  C:0103H         LINE#         8
  -------         ENDPROC       DELAY_S
  -------         PROC          MAIN
  C:008FH         LINE#         10
  C:008FH         LINE#         11
  C:008FH         LINE#         12
  C:008FH         LINE#         13
  C:008FH         LINE#         14
  C:0092H         LINE#         15
  C:0095H         LINE#         16
  C:0098H         LINE#         17
  C:009BH         LINE#         18
  C:009EH         LINE#         19
  C:00A1H         LINE#         20
  C:00A4H         LINE#         21
  C:00A7H         LINE#         22
  C:00AAH         LINE#         23
  C:00ADH         LINE#         24
  C:00B0H         LINE#         25
  C:00B3H         LINE#         26
  C:00B6H         LINE#         27
  C:00B9H         LINE#         28
  C:00BCH         LINE#         29
  C:00BFH         LINE#         30
  -------         ENDPROC       MAIN
  -------         ENDMOD        AIYALIHAI

  -------         MODULE        TEST
  C:0000H         SYMBOL        _ICE_DUMMY_
  D:0080H         PUBLIC        P0
  D:0090H         PUBLIC        P1
  D:00A0H         PUBLIC        P2
  D:00B0H         PUBLIC        P3
  C:010EH         PUBLIC        clean
  D:00A8H         PUBLIC        IE
  C:0104H         PUBLIC        _delay
  C:011EH         PUBLIC        shang
BL51 BANKED LINKER/LOCATER V6.22                                                      02/21/2020  15:13:18  PAGE 3


  B:00A0H.6       PUBLIC        DU
  D:00B8H         PUBLIC        IP
  C:00C1H         PUBLIC        main
  D:0098H         PUBLIC        SCON
  D:0088H         PUBLIC        TCON
  D:0008H         PUBLIC        zuo
  D:00C8H         PUBLIC        T2CON
  D:00D0H         PUBLIC        PSW
  -------         PROC          CLEAN
  C:010EH         LINE#         9
  C:010EH         LINE#         10
  C:010EH         LINE#         11
  C:0110H         LINE#         12
  C:0113H         LINE#         13
  C:0115H         LINE#         15
  -------         ENDPROC       CLEAN
  -------         PROC          _DELAY
  D:0006H         SYMBOL        cnt
  C:0104H         LINE#         16
  C:0104H         LINE#         17
  C:0104H         LINE#         18
  C:010DH         LINE#         19
  -------         ENDPROC       _DELAY
  -------         PROC          MAIN
  -------         DO            
  D:000DH         SYMBOL        i
  -------         ENDDO         
  C:00C1H         LINE#         21
  C:00C1H         LINE#         22
  C:00C1H         LINE#         25
  C:00C1H         LINE#         26
  C:00C1H         LINE#         27
  C:00C4H         LINE#         28
  C:00CCH         LINE#         29
  C:00D4H         LINE#         30
  C:00DBH         LINE#         31
  C:00DDH         LINE#         32
  C:00E2H         LINE#         33
  C:00E5H         LINE#         34
  -------         ENDPROC       MAIN
  -------         ENDMOD        TEST

*** ERROR L104: MULTIPLE PUBLIC DEFINITIONS
    SYMBOL:  MAIN
    MODULE:  test.obj (TEST)

*** WARNING L16: UNCALLED SEGMENT, IGNORED FOR OVERLAY PROCESS
    SEGMENT: ?PR?MAIN?TEST

*** ERROR L118: REFERENCE MADE TO ERRONEOUS EXTERNAL
    SYMBOL:  MAIN
    MODULE:  C:\KEIL\C51\LIB\C51S.LIB (?C_INIT)
    ADDRESS: 0010H

Program Size: data=15.0 xdata=0 code=291
LINK/LOCATE RUN COMPLETE.  1 WARNING(S),  2 ERROR(S)
