BL51 BANKED LINKER/LOCATER V6.22                                                        02/24/2020  17:53:43  PAGE 1


BL51 BANKED LINKER/LOCATER V6.22, INVOKED BY:
C:\KEIL\C51\BIN\BL51.EXE 1602test_2.obj TO 1602test_1 RAMSIZE (256)


MEMORY MODEL: SMALL


INPUT MODULES INCLUDED:
  1602test_2.obj (1602TEST_2)
  C:\KEIL\C51\LIB\C51S.LIB (?C_STARTUP)


LINK MAP OF MODULE:  1602test_1 (1602TEST_2)


            TYPE    BASE      LENGTH    RELOCATION   SEGMENT NAME
            -----------------------------------------------------

            * * * * * * *   D A T A   M E M O R Y   * * * * * * *
            REG     0000H     0008H     ABSOLUTE     "REG BANK 0"
            IDATA   0008H     0001H     UNIT         ?STACK

            * * * * * * *   C O D E   M E M O R Y   * * * * * * *
            CODE    0000H     0003H     ABSOLUTE     
            CODE    0003H     002AH     UNIT         ?PR?MAIN?1602TEST_2
            CODE    002DH     0028H     UNIT         ?PR?_DELAY?1602TEST_2
            CODE    0055H     001AH     UNIT         ?CO?1602TEST_2
            CODE    006FH     0014H     UNIT         ?PR?LCD_INIT?1602TEST_2
            CODE    0083H     0012H     UNIT         ?PR?_LCD_WCMD?1602TEST_2
            CODE    0095H     0012H     UNIT         ?PR?_LCD_WDAT?1602TEST_2
            CODE    00A7H     000CH     UNIT         ?C_C51STARTUP
            CODE    00B3H     0008H     UNIT         ?PR?CLEAN?1602TEST_2



OVERLAY MAP OF MODULE:   1602test_1 (1602TEST_2)


SEGMENT
  +--> CALLED SEGMENT
---------------------
?C_C51STARTUP
  +--> ?PR?MAIN?1602TEST_2

?PR?MAIN?1602TEST_2
  +--> ?PR?CLEAN?1602TEST_2
  +--> ?PR?LCD_INIT?1602TEST_2
  +--> ?PR?_LCD_WCMD?1602TEST_2
  +--> ?CO?1602TEST_2
  +--> ?PR?_DELAY?1602TEST_2

?PR?LCD_INIT?1602TEST_2
  +--> ?PR?_LCD_WCMD?1602TEST_2

?PR?_LCD_WCMD?1602TEST_2
  +--> ?PR?_DELAY?1602TEST_2

?PR?_DELAY?1602TEST_2
BL51 BANKED LINKER/LOCATER V6.22                                                      02/24/2020  17:53:43  PAGE 2


  +--> ?PR?_LCD_WDAT?1602TEST_2



SYMBOL TABLE OF MODULE:  1602test_1 (1602TEST_2)

  VALUE           TYPE          NAME
  ----------------------------------

  -------         MODULE        1602TEST_2
  C:0000H         SYMBOL        _ICE_DUMMY_
  D:0080H         PUBLIC        P0
  D:0090H         PUBLIC        P1
  D:00A0H         PUBLIC        P2
  D:00B0H         PUBLIC        P3
  C:00B3H         PUBLIC        clean
  D:00A8H         PUBLIC        IE
  C:0037H         PUBLIC        _delay
  B:00A0H.6       PUBLIC        DU
  D:00B8H         PUBLIC        IP
  C:0003H         PUBLIC        main
  D:0098H         PUBLIC        SCON
  D:0088H         PUBLIC        TCON
  C:0066H         PUBLIC        down
  C:0083H         PUBLIC        _lcd_wcmd
  C:0095H         PUBLIC        _lcd_wdat
  C:006FH         PUBLIC        lcd_init
  B:00A0H.5       PUBLIC        en
  B:00A0H.3       PUBLIC        rs
  C:0055H         PUBLIC        up
  D:00C8H         PUBLIC        T2CON
  B:00A0H.4       PUBLIC        rw
  D:00D0H         PUBLIC        PSW
  -------         PROC          CLEAN
  C:00B3H         LINE#         10
  C:00B3H         LINE#         11
  C:00B3H         LINE#         12
  C:00B5H         LINE#         13
  C:00B8H         LINE#         14
  C:00BAH         LINE#         15
  -------         ENDPROC       CLEAN
  -------         PROC          L?0023
  -------         ENDPROC       L?0023
  -------         PROC          _DELAY
  D:0006H         SYMBOL        n
  -------         DO            
  D:0006H         SYMBOL        x
  D:0004H         SYMBOL        y
  -------         ENDDO         
  C:0037H         LINE#         18
  C:0037H         LINE#         19
  C:0037H         LINE#         21
  C:0040H         LINE#         22
  C:0054H         LINE#         23
  -------         ENDPROC       _DELAY
  -------         PROC          _LCD_WCMD
  D:0007H         SYMBOL        cmd
BL51 BANKED LINKER/LOCATER V6.22                                                      02/24/2020  17:53:43  PAGE 3


  C:0083H         LINE#         25
  C:0083H         LINE#         26
  C:0083H         LINE#         27
  C:0085H         LINE#         28
  C:0087H         LINE#         29
  C:0089H         LINE#         30
  C:0090H         LINE#         31
  C:0092H         LINE#         32
  C:0094H         LINE#         33
  -------         ENDPROC       _LCD_WCMD
  -------         PROC          _LCD_WDAT
  D:0007H         SYMBOL        dat
  C:0095H         LINE#         35
  C:0095H         LINE#         36
  C:0095H         LINE#         37
  C:0097H         LINE#         38
  C:0099H         LINE#         39
  C:009BH         LINE#         40
  C:00A2H         LINE#         41
  C:00A4H         LINE#         42
  C:00A6H         LINE#         43
  -------         ENDPROC       _LCD_WDAT
  -------         PROC          LCD_INIT
  C:006FH         LINE#         45
  C:006FH         LINE#         46
  C:006FH         LINE#         47
  C:0074H         LINE#         48
  C:0079H         LINE#         49
  C:007EH         LINE#         50
  -------         ENDPROC       LCD_INIT
  -------         PROC          MAIN
  -------         DO            
  D:0003H         SYMBOL        n
  D:0003H         SYMBOL        m
  -------         ENDDO         
  C:0003H         LINE#         53
  C:0003H         LINE#         54
  C:0003H         LINE#         55
  C:0005H         LINE#         56
  C:0008H         LINE#         57
  C:000BH         LINE#         58
  C:0010H         LINE#         59
  C:0010H         LINE#         60
  C:0010H         LINE#         61
  C:0013H         LINE#         62
  C:0016H         LINE#         63
  C:001AH         LINE#         64
  C:001FH         LINE#         65
  C:0021H         LINE#         66
  C:0021H         LINE#         67
  C:0024H         LINE#         68
  C:0027H         LINE#         69
  C:002BH         LINE#         70
  -------         ENDPROC       MAIN
  -------         ENDMOD        1602TEST_2

Program Size: data=9.0 xdata=0 code=187
BL51 BANKED LINKER/LOCATER V6.22                                                      02/24/2020  17:53:43  PAGE 4


LINK/LOCATE RUN COMPLETE.  0 WARNING(S),  0 ERROR(S)
