BL51 BANKED LINKER/LOCATER V6.22                                                        03/02/2020  15:49:40  PAGE 1


BL51 BANKED LINKER/LOCATER V6.22, INVOKED BY:
C:\KEIL\C51\BIN\BL51.EXE musictest_2.obj TO music_test_1 RAMSIZE (256)


MEMORY MODEL: SMALL


INPUT MODULES INCLUDED:
  musictest_2.obj (MUSICTEST_2)
  C:\KEIL\C51\LIB\C51S.LIB (?C_STARTUP)
  C:\KEIL\C51\LIB\C51S.LIB (?C_INIT)


LINK MAP OF MODULE:  music_test_1 (MUSICTEST_2)


            TYPE    BASE      LENGTH    RELOCATION   SEGMENT NAME
            -----------------------------------------------------

            * * * * * * *   D A T A   M E M O R Y   * * * * * * *
            REG     0000H     0008H     ABSOLUTE     "REG BANK 0"
            DATA    0008H     0003H     UNIT         ?DT?MUSICTEST_2
            DATA    000BH     0001H     UNIT         _DATA_GROUP_
                    000CH     0014H                  *** GAP ***
            BIT     0020H.0   0000H.1   UNIT         ?BI?MUSICTEST_2
                    0020H.1   0000H.7                *** GAP ***
            IDATA   0021H     0001H     UNIT         ?STACK

            * * * * * * *   C O D E   M E M O R Y   * * * * * * *
            CODE    0000H     0003H     ABSOLUTE     
            CODE    0003H     0008H     UNIT         ?PR?INIT?MUSICTEST_2
            CODE    000BH     0003H     ABSOLUTE     
            CODE    000EH     0103H     UNIT         ?CO?MUSICTEST_2
            CODE    0111H     008CH     UNIT         ?C_C51STARTUP
            CODE    019DH     0065H     UNIT         ?PR?MAIN?MUSICTEST_2
            CODE    0202H     0020H     UNIT         ?PR?_DELAYMS?MUSICTEST_2
            CODE    0222H     0013H     UNIT         ?PR?COUNT1?MUSICTEST_2
            CODE    0235H     0004H     UNIT         ?C_INITSEG



OVERLAY MAP OF MODULE:   music_test_1 (MUSICTEST_2)


SEGMENT                            DATA_GROUP 
  +--> CALLED SEGMENT            START    LENGTH
------------------------------------------------
?C_C51STARTUP                    -----    -----
  +--> ?PR?MAIN?MUSICTEST_2
  +--> ?C_INITSEG

?PR?MAIN?MUSICTEST_2             000BH    0001H
  +--> ?PR?INIT?MUSICTEST_2
  +--> ?CO?MUSICTEST_2
  +--> ?PR?_DELAYMS?MUSICTEST_2



BL51 BANKED LINKER/LOCATER V6.22                                                      03/02/2020  15:49:40  PAGE 2


SYMBOL TABLE OF MODULE:  music_test_1 (MUSICTEST_2)

  VALUE           TYPE          NAME
  ----------------------------------

  -------         MODULE        MUSICTEST_2
  C:0000H         SYMBOL        _ICE_DUMMY_
  B:00A8H.7       PUBLIC        EA
  B:00A0H.3       PUBLIC        P2_3
  C:0003H         PUBLIC        Init
  B:0020H.0       PUBLIC        flag
  D:0008H         PUBLIC        high
  C:000EH         PUBLIC        music
  C:019DH         PUBLIC        main
  C:0202H         PUBLIC        _DelayMs
  D:0089H         PUBLIC        TMOD
  C:0222H         PUBLIC        Count1
  B:00A8H.1       PUBLIC        ET0
  D:008CH         PUBLIC        TH0
  D:008AH         PUBLIC        TL0
  D:0009H         PUBLIC        low
  B:0088H.4       PUBLIC        TR0
  D:000AH         PUBLIC        ptr
  -------         PROC          MAIN
  -------         DO            
  D:000BH         SYMBOL        time
  -------         ENDDO         
  C:019DH         LINE#         40
  C:019DH         LINE#         41
  C:019DH         LINE#         43
  C:01A0H         LINE#         44
  C:01A3H         LINE#         45
  C:01A6H         LINE#         46
  C:01A6H         LINE#         47
  C:01A6H         LINE#         48
  C:01B3H         LINE#         49
  C:01B3H         LINE#         50
  C:01B5H         LINE#         51
  C:01B7H         LINE#         52
  C:01BEH         LINE#         53
  C:01C0H         LINE#         54
  C:01C8H         LINE#         55
  C:01CEH         LINE#         56
  C:01D1H         LINE#         57
  C:01D1H         LINE#         58
  C:01D1H         LINE#         59
  C:01D3H         LINE#         60
  C:01DCH         LINE#         61
  C:01DCH         LINE#         62
  C:01E4H         LINE#         63
  C:01EAH         LINE#         64
  C:01F0H         LINE#         65
  C:01F2H         LINE#         68
  C:01F2H         LINE#         69
  C:01F4H         LINE#         70
  C:01F6H         LINE#         71
  C:01FDH         LINE#         72
BL51 BANKED LINKER/LOCATER V6.22                                                      03/02/2020  15:49:40  PAGE 3


  C:0200H         LINE#         73
  C:0200H         LINE#         74
  -------         ENDPROC       MAIN
  -------         PROC          COUNT1
  C:0222H         LINE#         80
  C:0222H         LINE#         82
  C:0225H         LINE#         83
  C:0228H         LINE#         84
  C:022BH         LINE#         85
  C:022BH         LINE#         86
  C:022DH         LINE#         87
  C:022FH         LINE#         88
  C:0230H         LINE#         90
  C:0230H         LINE#         91
  C:0232H         LINE#         92
  C:0234H         LINE#         93
  C:0234H         LINE#         94
  -------         ENDPROC       COUNT1
  -------         PROC          INIT
  C:0003H         LINE#         99
  C:0003H         LINE#         100
  C:0003H         LINE#         101
  C:0006H         LINE#         102
  C:0008H         LINE#         103
  C:000AH         LINE#         104
  -------         ENDPROC       INIT
  -------         PROC          _DELAYMS
  D:0006H         SYMBOL        time
  -------         DO            
  D:0002H         SYMBOL        i
  D:0004H         SYMBOL        j
  -------         ENDDO         
  C:0202H         LINE#         109
  C:0202H         LINE#         110
  C:0202H         LINE#         113
  C:020CH         LINE#         114
  C:020CH         LINE#         115
  C:020FH         LINE#         116
  C:021AH         LINE#         117
  C:0221H         LINE#         118
  -------         ENDPROC       _DELAYMS
  -------         ENDMOD        MUSICTEST_2

Program Size: data=13.1 xdata=0 code=569
LINK/LOCATE RUN COMPLETE.  0 WARNING(S),  0 ERROR(S)
