BL51 BANKED LINKER/LOCATER V6.22                                                        03/02/2020  17:03:48  PAGE 1


BL51 BANKED LINKER/LOCATER V6.22, INVOKED BY:
C:\KEIL\C51\BIN\BL51.EXE musictest_2.obj TO music_test_2 RAMSIZE (256)


MEMORY MODEL: SMALL


INPUT MODULES INCLUDED:
  musictest_2.obj (MUSICTEST_2)
  C:\KEIL\C51\LIB\C51S.LIB (?C_STARTUP)
  C:\KEIL\C51\LIB\C51S.LIB (?C_INIT)


LINK MAP OF MODULE:  music_test_2 (MUSICTEST_2)


            TYPE    BASE      LENGTH    RELOCATION   SEGMENT NAME
            -----------------------------------------------------

            * * * * * * *   D A T A   M E M O R Y   * * * * * * *
            REG     0000H     0008H     ABSOLUTE     "REG BANK 0"
            DATA    0008H     0003H     UNIT         ?DT?MUSICTEST_2
            DATA    000BH     0001H     UNIT         _DATA_GROUP_
                    000CH     0014H                  *** GAP ***
            BIT     0020H.0   0000H.1   UNIT         ?BI?MUSICTEST_2
                    0020H.1   0000H.7                *** GAP ***
            IDATA   0021H     0001H     UNIT         ?STACK

            * * * * * * *   C O D E   M E M O R Y   * * * * * * *
            CODE    0000H     0003H     ABSOLUTE     
            CODE    0003H     0008H     UNIT         ?PR?INIT?MUSICTEST_2
            CODE    000BH     0003H     ABSOLUTE     
            CODE    000EH     0154H     UNIT         ?CO?MUSICTEST_2
            CODE    0162H     008CH     UNIT         ?C_C51STARTUP
            CODE    01EEH     0074H     UNIT         ?PR?MAIN?MUSICTEST_2
            CODE    0262H     0020H     UNIT         ?PR?_DELAYMS?MUSICTEST_2
            CODE    0282H     0013H     UNIT         ?PR?COUNT1?MUSICTEST_2
            CODE    0295H     0004H     UNIT         ?C_INITSEG



OVERLAY MAP OF MODULE:   music_test_2 (MUSICTEST_2)


SEGMENT                            DATA_GROUP 
  +--> CALLED SEGMENT            START    LENGTH
------------------------------------------------
?C_C51STARTUP                    -----    -----
  +--> ?PR?MAIN?MUSICTEST_2
  +--> ?C_INITSEG

?PR?MAIN?MUSICTEST_2             000BH    0001H
  +--> ?PR?INIT?MUSICTEST_2
  +--> ?CO?MUSICTEST_2
  +--> ?PR?_DELAYMS?MUSICTEST_2



BL51 BANKED LINKER/LOCATER V6.22                                                      03/02/2020  17:03:48  PAGE 2


SYMBOL TABLE OF MODULE:  music_test_2 (MUSICTEST_2)

  VALUE           TYPE          NAME
  ----------------------------------

  -------         MODULE        MUSICTEST_2
  C:0000H         SYMBOL        _ICE_DUMMY_
  D:0090H         PUBLIC        P1
  B:00A8H.7       PUBLIC        EA
  B:00A0H.3       PUBLIC        P2_3
  C:0003H         PUBLIC        Init
  B:0020H.0       PUBLIC        flag
  D:0008H         PUBLIC        high
  C:000EH         PUBLIC        music
  C:01EEH         PUBLIC        main
  C:0262H         PUBLIC        _DelayMs
  D:0089H         PUBLIC        TMOD
  C:0282H         PUBLIC        Count1
  B:00A8H.1       PUBLIC        ET0
  D:008CH         PUBLIC        TH0
  D:008AH         PUBLIC        TL0
  D:0009H         PUBLIC        low
  B:0088H.4       PUBLIC        TR0
  D:000AH         PUBLIC        ptr
  -------         PROC          MAIN
  -------         DO            
  D:000BH         SYMBOL        time
  -------         ENDDO         
  C:01EEH         LINE#         40
  C:01EEH         LINE#         41
  C:01EEH         LINE#         43
  C:01F1H         LINE#         44
  C:01F4H         LINE#         45
  C:01F7H         LINE#         46
  C:01F7H         LINE#         47
  C:01F7H         LINE#         48
  C:0204H         LINE#         49
  C:0204H         LINE#         50
  C:0206H         LINE#         51
  C:0208H         LINE#         52
  C:020FH         LINE#         53
  C:0211H         LINE#         54
  C:0219H         LINE#         55
  C:021FH         LINE#         56
  C:0225H         LINE#         57
  C:0228H         LINE#         58
  C:022EH         LINE#         59
  C:0231H         LINE#         60
  C:0231H         LINE#         61
  C:0233H         LINE#         62
  C:023CH         LINE#         63
  C:023CH         LINE#         64
  C:0244H         LINE#         65
  C:024AH         LINE#         66
  C:0250H         LINE#         67
  C:0252H         LINE#         70
  C:0252H         LINE#         71
BL51 BANKED LINKER/LOCATER V6.22                                                      03/02/2020  17:03:48  PAGE 3


  C:0254H         LINE#         72
  C:0256H         LINE#         73
  C:025DH         LINE#         74
  C:0260H         LINE#         75
  C:0260H         LINE#         76
  -------         ENDPROC       MAIN
  -------         PROC          COUNT1
  C:0282H         LINE#         82
  C:0282H         LINE#         84
  C:0285H         LINE#         85
  C:0288H         LINE#         86
  C:028BH         LINE#         87
  C:028BH         LINE#         88
  C:028DH         LINE#         89
  C:028FH         LINE#         90
  C:0290H         LINE#         92
  C:0290H         LINE#         93
  C:0292H         LINE#         94
  C:0294H         LINE#         95
  C:0294H         LINE#         96
  -------         ENDPROC       COUNT1
  -------         PROC          INIT
  C:0003H         LINE#         101
  C:0003H         LINE#         102
  C:0003H         LINE#         103
  C:0006H         LINE#         104
  C:0008H         LINE#         105
  C:000AH         LINE#         106
  -------         ENDPROC       INIT
  -------         PROC          _DELAYMS
  D:0006H         SYMBOL        time
  -------         DO            
  D:0002H         SYMBOL        i
  D:0004H         SYMBOL        j
  -------         ENDDO         
  C:0262H         LINE#         111
  C:0262H         LINE#         112
  C:0262H         LINE#         115
  C:026CH         LINE#         116
  C:026CH         LINE#         117
  C:026FH         LINE#         118
  C:027AH         LINE#         119
  C:0281H         LINE#         120
  -------         ENDPROC       _DELAYMS
  -------         ENDMOD        MUSICTEST_2

Program Size: data=13.1 xdata=0 code=665
LINK/LOCATE RUN COMPLETE.  0 WARNING(S),  0 ERROR(S)
